1. Веќе го имав инсталирано Git и имав креирано профил на GitHub. Disclaimer: На GitHub користам Two-Factor Authentication и Git клиентот за Linux има проблем при зачувување на access токенот, затоа при секоја push команда е потребно повторно да се најавам.

2. Веќе е така поставено

3. Креирав празен репозиториум со името „SI_2023_lab1_216076“, го поставив да е приватен и да не креира README датотека

4. Ги извршив следните команди за да креирам директориум и да го иницијализирам Git репозиториумот
➜  mkdir SI_lab1_216076
➜  cd SI_lab1_216076 
➜  git init
Initialized empty Git repository in /home/david/Documents/GitHub/SI_lab1_216076/.git/

5. Со локалниот репозиториум поврзав нов remote директориум со следната команда
➜  SI_lab1_216076 git:(master) git remote add origin https://github.com/davidanastasov/SI_2023_lab1_216076.git

6. Додадов нова README датотека со моето име и број на индекс, го креирав првиот commit
➜  SI_lab1_216076 git:(master) echo "# David Anastasov 216076" > README.md
➜  SI_lab1_216076 git:(master) ✗ cat README.md 
# David Anastasov 216076
➜  SI_lab1_216076 git:(master) ✗ git add .
➜  SI_lab1_216076 git:(master) ✗ git commit -m "Initial commit"
[master (root-commit) d8eb7ad] Initial commit
 1 file changed, 1 insertion(+)
 create mode 100644 README.md

7. Ја превземав Java класата од дадениот линк и додадов нов commit
➜  SI_lab1_216076 git:(master) ✗ wget https://raw.githubusercontent.com/stefanandonov/SI2023/master/SILab1.java
2023-03-13 00:46:27 (55.0 MB/s) - ‘SILab1.java’ saved [964/964]
➜  SI_lab1_216076 git:(master) ✗ git add .
➜  SI_lab1_216076 git:(master) ✗ git commit -m "Add java class"
[master ee651a7] Add java class
 1 file changed, 41 insertions(+)
 create mode 100644 SILab1.java

8. Ги синхронизирав сите commits со remote репозиториумот
➜  SI_lab1_216076 git:(master) git push -u origin master
Username for 'https://github.com': davidanastasov
Password for 'https://davidanastasov@github.com': 
Enumerating objects: 6, done.
Counting objects: 100% (6/6), done.
Delta compression using up to 4 threads
Compressing objects: 100% (4/4), done.
Writing objects: 100% (6/6), 837 bytes | 837.00 KiB/s, done.
Total 6 (delta 0), reused 0 (delta 0), pack-reused 0
To https://github.com/davidanastasov/SI_2023_lab1_216076.git
 * [new branch]      master -> master
Branch 'master' set up to track remote branch 'master' from 'origin'.

9. Додадов 3 гранки од master: bug1, bug2 и bug3
➜  SI_lab1_216076 git:(master) git branch bug1 master
➜  SI_lab1_216076 git:(master) git branch bug2 master
➜  SI_lab1_216076 git:(master) git branch bug3 master

10. Се префрлив на гранката bug1
➜  SI_lab1_216076 git:(master) git checkout bug1
Switched to branch 'bug1'

11. Ја поправив грешката во циклусот користејќи ја конзолната апликација nano
➜  SI_lab1_216076 git:(bug1) nano SILab1.java
➜  SI_lab1_216076 git:(bug1) ✗ git add .
➜  SI_lab1_216076 git:(bug1) ✗ git commit -m "Fix wrong loop for reading"
[bug1 fdeb871] Fix wrong loop for reading
 1 file changed, 1 insertion(+), 1 deletion(-)
 
12. Се префрлив на гранката bug2
➜  SI_lab1_216076 git:(bug1) git checkout bug2 
Switched to branch 'bug2'

13. Ја поправив грешката во методот filterOddNumbers, условот за проверка дали дадениот број е парен беше погрешен
➜  SI_lab1_216076 git:(bug2) nano SILab1.java 
➜  SI_lab1_216076 git:(bug2) ✗ git add .
➜  SI_lab1_216076 git:(bug2) ✗ git commit -m "Fix wrong condition in filterOddNumbers"
[bug2 3c6dd6d] Fix wrong condition in filterOddNumbers
 1 file changed, 1 insertion(+), 1 deletion(-)
 
14. Се префрлив на гранката bug3
 ➜  SI_lab1_216076 git:(bug2) git checkout bug3
Switched to branch 'bug3'

15. Ја поправив грешката во методот sumEvenNumbers, броевите се множеа наместо да се собираат
➜  SI_lab1_216076 git:(bug3) nano SILab1.java 
➜  SI_lab1_216076 git:(bug3) ✗ git add .
➜  SI_lab1_216076 git:(bug3) ✗ git commit -m "Fix method sumEvenNumbers"
[bug3 f41e565] Fix method sumEvenNumbers
 1 file changed, 1 insertion(+), 1 deletion(-)
 
16. Ги синхронизирав сите гранки со remote
 ➜  SI_lab1_216076 git:(bug3) git push --all origin
Username for 'https://github.com': davidanastasov
Password for 'https://davidanastasov@github.com': 
Enumerating objects: 11, done.
Counting objects: 100% (11/11), done.
Delta compression using up to 4 threads
Compressing objects: 100% (9/9), done.
Writing objects: 100% (9/9), 811 bytes | 811.00 KiB/s, done.
Total 9 (delta 5), reused 0 (delta 0), pack-reused 0
remote: Resolving deltas: 100% (5/5), completed with 1 local object.
To https://github.com/davidanastasov/SI_2023_lab1_216076.git
 * [new branch]      bug1 -> bug1
 * [new branch]      bug2 -> bug2
 * [new branch]      bug3 -> bug3
 
17. Се префрлив на гранката master
➜  SI_lab1_216076 git:(bug3) git checkout master
Switched to branch 'master'
Your branch is up to date with 'origin/master'.

18. Ја споив гранката bug1 во гранката master
➜  SI_lab1_216076 git:(master) git merge bug1
Updating ee651a7..fdeb871
Fast-forward
 SILab1.java | 2 +-
 1 file changed, 1 insertion(+), 1 deletion(-)

19. Ги синхронизирав сите гранки со remote
➜  SI_lab1_216076 git:(master) git push --all origin
Username for 'https://github.com': davidanastasov
Password for 'https://davidanastasov@github.com': 
Total 0 (delta 0), reused 0 (delta 0), pack-reused 0
To https://github.com/davidanastasov/SI_2023_lab1_216076.git
   ee651a7..fdeb871  master -> master

20. Ја споив гранката bug3, имаше конфликт но Git успеа сам да го реши, само ме праша да внесам порака за merge commit-от
➜  SI_lab1_216076 git:(master) git merge bug2
Auto-merging SILab1.java
Merge made by the 'ort' strategy.
 SILab1.java | 2 +-
 1 file changed, 1 insertion(+), 1 deletion(-)

21. Ги синхронизирав сите гранки со remote
➜  SI_lab1_216076 git:(master) git push --all origin
Username for 'https://github.com': davidanastasov
Password for 'https://davidanastasov@github.com': 
Enumerating objects: 7, done.
Counting objects: 100% (7/7), done.
Delta compression using up to 4 threads
Compressing objects: 100% (3/3), done.
Writing objects: 100% (3/3), 383 bytes | 383.00 KiB/s, done.
Total 3 (delta 1), reused 0 (delta 0), pack-reused 0
remote: Resolving deltas: 100% (1/1), completed with 1 local object.
To https://github.com/davidanastasov/SI_2023_lab1_216076.git
   fdeb871..dd4458b  master -> master

22. Се префрлив на гранката bug3
➜  SI_lab1_216076 git:(master) git checkout bug3
Switched to branch 'bug3'

23. Направив rebase на гранката master врз гранката bug3
➜  SI_lab1_216076 git:(bug3) git rebase master
Successfully rebased and updated refs/heads/bug3.

24. Се префрлив на гранката master
➜  SI_lab1_216076 git:(bug3) git checkout master
Switched to branch 'master'
Your branch is up to date with 'origin/master'.

25. Ја споив гранката bug3 во гранката master, немаше конфликти
➜  SI_lab1_216076 git:(master) git merge bug3 
Updating dd4458b..afb2d6a
Fast-forward
 SILab1.java | 2 +-
 1 file changed, 1 insertion(+), 1 deletion(-)

26. Ги синхронизирав сите гранки со remote, овој пат имаше конфликт во commit историјата во гранката bug3 поради rebase командата.
➜  SI_lab1_216076 git:(master) git push --all origin
Username for 'https://github.com': davidanastasov
Password for 'https://davidanastasov@github.com': 
Enumerating objects: 5, done.
Counting objects: 100% (5/5), done.
Delta compression using up to 4 threads
Compressing objects: 100% (3/3), done.
Writing objects: 100% (3/3), 334 bytes | 334.00 KiB/s, done.
Total 3 (delta 1), reused 0 (delta 0), pack-reused 0
remote: Resolving deltas: 100% (1/1), completed with 1 local object.
To https://github.com/davidanastasov/SI_2023_lab1_216076.git
   dd4458b..afb2d6a  master -> master
 ! [rejected]        bug3 -> bug3 (non-fast-forward)
error: failed to push some refs to 'https://github.com/davidanastasov/SI_2023_lab1_216076.git'
hint: Updates were rejected because a pushed branch tip is behind its remote
hint: counterpart. Check out this branch and integrate the remote changes
hint: (e.g. 'git pull ...') before pushing again.
hint: See the 'Note about fast-forwards' in 'git push --help' for details.
➜  SI_lab1_216076 git:(master) git push --force --all origin
Username for 'https://github.com': davidanastasov
Password for 'https://davidanastasov@github.com': 
Total 0 (delta 0), reused 0 (delta 0), pack-reused 0
To https://github.com/davidanastasov/SI_2023_lab1_216076.git
   dd4458b..afb2d6a  master -> master
 + f41e565...afb2d6a bug3 -> bug3 (forced update)

27. Ги зачував логовите од Git командите во logs.txt, и документацијата во 216076.txt. Направив stage на сите промени, и го креирав последниот commit
git add .
git commit -m "Final commit" 

28. Не сум time traveler :)
git push --all origin
